// Jest Snapshot v1, https://goo.gl/fbAQLP

exports[`check whitelist [en] 1`] = `Array []`;

exports[`check whitelist [ja] 1`] = `Array []`;

exports[`snapshot [en] 1`] = `
Object {
  "components.Column.bookmarkFilter": "Filter Bookmarks",
  "components.ColumnHeaderBookmark.bookmarkFilter": "Filter Bookmarks",
  "components.Dropdown.logout": "logout",
  "components.Dropdown.setting": "Settings",
  "components.FollowButton.follow": "Follow",
  "components.FollowButton.following": "Following",
  "components.FollowButton.unFollow": "UnFollow",
  "components.Header.logout": "Logout",
  "components.Header.setting": "Settings",
  "components.LoginModal.error": "Login Error",
  "components.LoginModal.errorInfo": "Check your usernaem and password.",
  "components.LoginModal.login": "Login",
  "components.LoginModal.loginLoading": "Logining...",
  "components.UserDrawer.addColumn": "Add to column",
  "components.UserDrawer.tabIllust": "Illustration ({count})",
  "components.UserDrawer.tabManga": "Manga ({count})",
  "containers.AddColumnModal.bookmark": "Bookmarks",
  "containers.AddColumnModal.header": "Select Column",
  "containers.AddColumnModal.new": "new",
  "containers.AddColumnModal.private": "Private",
  "containers.AddColumnModal.public": "Public",
  "containers.AddColumnModal.r18ranking": "R-18 Rankings",
  "containers.AddColumnModal.ranking": "Rankings",
  "containers.AddNewColumnButton.addColumn": "Add Column",
  "containers.ColumnBookmark.private": "Private Bookmarks",
  "containers.ColumnBookmark.public": "Public Bookmarks",
  "containers.ColumnFollow.private": "Private Following",
  "containers.ColumnFollow.public": "Public Following",
  "containers.ColumnRanking.day": "Daily Rankings",
  "containers.ColumnRanking.day_female": "Popular Female Rankings",
  "containers.ColumnRanking.day_male": "Popular Male Rankings",
  "containers.ColumnRanking.month": "Monthly Rankings",
  "containers.ColumnRanking.week": "Weekly Rankings",
  "containers.ColumnRanking.week_original": "Original Rankings",
  "containers.ColumnRanking.week_rookie": "Rookie Rankings",
  "containers.ColumnRankingR18.day_female_r18": "R-18 Female Rankings",
  "containers.ColumnRankingR18.day_male_r18": "R-18 Male Rankings",
  "containers.ColumnRankingR18.day_r18": "R-18 Daily Rankings",
  "containers.ColumnRankingR18.week_r18": "R-18 Weekly Rankings",
  "containers.ColumnRankingR18.week_r18g": "R-18 G",
  "containers.FollowButton.follow": "follow",
  "containers.FollowButton.following": "following",
  "containers.FollowButton.unFollow": "unfollow",
  "containers.SearchField.keywordSearch": "keyword search",
  "containers.SearchField.search": "search",
  "containers.SearchField.users": "users in",
  "containers.SettingModal.cache": "delete cache (unsafe)",
  "containers.SettingModal.language": "language",
  "containers.SettingModal.limit": "Restrict access",
  "containers.SettingModal.r18FilterDesc": "It is easiest to filter R-18 tags.
Inevitably you need to change browsing restrictions on pixiv's site.",
  "containers.SettingModal.r18Link": "pixiv - r18",
  "containers.SettingModal.showCaption": "Show Caption",
  "containers.SettingModal.showOnlyImg": "Only image",
  "containers.SettingModal.tagFilter": "Tag filter",
  "containers.SettingModal.uiSetting": "UI setting",
}
`;

exports[`snapshot [ja] 1`] = `
Object {
  "components.ColumnHeaderBookmark.bookmarkFilter": "ブックマークフィルタ",
  "components.Dropdown.logout": "ログアウト",
  "components.Dropdown.setting": "設定",
  "components.LoginModal.error": "ログインに失敗しました。",
  "components.LoginModal.errorInfo": "ユーザ名とパスワードを確認してください。",
  "components.LoginModal.login": "ログイン",
  "components.LoginModal.loginLoading": "ログイン中..",
  "components.UserDrawer.addColumn": "カラムに追加",
  "components.UserDrawer.tabIllust": "イラスト ({count})",
  "components.UserDrawer.tabManga": "マンガ ({count})",
  "containers.AddColumnModal.bookmark": "ブックマーク",
  "containers.AddColumnModal.header": "追加するカラムを選択",
  "containers.AddColumnModal.new": "新着",
  "containers.AddColumnModal.private": "非公開",
  "containers.AddColumnModal.public": "公開",
  "containers.AddColumnModal.r18ranking": "R18 ランキング",
  "containers.AddColumnModal.ranking": "ランキング",
  "containers.AddNewColumnButton.addColumn": "カラムに追加",
  "containers.ColumnBookmark.private": "非公開ブックマーク",
  "containers.ColumnBookmark.public": "公開ブックマーク",
  "containers.ColumnFollow.private": "非公開 新着",
  "containers.ColumnFollow.public": "公開 新着",
  "containers.ColumnRanking.day": "デイリーランキング",
  "containers.ColumnRanking.day_female": "女子に人気",
  "containers.ColumnRanking.day_male": "男子に人気",
  "containers.ColumnRanking.month": "マンスリーランキング",
  "containers.ColumnRanking.week": "ウィークリーランキング",
  "containers.ColumnRanking.week_original": "オリジナル",
  "containers.ColumnRanking.week_rookie": "ルーキー",
  "containers.ColumnRankingR18.day_female_r18": "R18 女子に人気",
  "containers.ColumnRankingR18.day_male_r18": "R18 男子に人気",
  "containers.ColumnRankingR18.day_r18": "R18 デイリー",
  "containers.ColumnRankingR18.week_r18": "R18 ウィークリー",
  "containers.ColumnRankingR18.week_r18g": "R18 G",
  "containers.FollowButton.follow": "フォローする",
  "containers.FollowButton.following": "フォロー中",
  "containers.FollowButton.unFollow": "フォロー解除",
  "containers.SearchField.keywordSearch": "キーワード検索",
  "containers.SearchField.search": "検索",
  "containers.SearchField.users": "users入り",
  "containers.SettingModal.cache": "キャッシュを削除",
  "containers.SettingModal.language": "言語",
  "containers.SettingModal.limit": "閲覧制限",
  "containers.SettingModal.r18FilterDesc": "R-18タグをフィルターするのがもっとも簡単です。
どうしても閲覧制限を設定はpixivのサイト上にて変更する必要があります。",
  "containers.SettingModal.r18Link": "pixiv - R-18設定",
  "containers.SettingModal.showCaption": "キャプションを表示",
  "containers.SettingModal.showOnlyImg": "画像のみ表示",
  "containers.SettingModal.tagFilter": "タグフィルター",
  "containers.SettingModal.uiSetting": "UI 設定",
}
`;
