// Jest Snapshot v1, https://goo.gl/fbAQLP

exports[`snapshot 1`] = `
<styled.div>
  <div>
    フィルタ users入り
  </div>
  <RadioButtonGroup
    defaultSelected="0"
    name="usersIn"
    onChange={[Function]}
    style={Object {}}
  >
    <RadioButton
      checked={false}
      disabled={false}
      label="デフォルト"
      labelPosition="right"
      labelStyle={
        Object {
          "color": "#eee",
        }
      }
      value="0"
    />
    <RadioButton
      checked={false}
      disabled={false}
      label="100users入り"
      labelPosition="right"
      labelStyle={
        Object {
          "color": "#eee",
        }
      }
      value="100"
    />
    <RadioButton
      checked={false}
      disabled={false}
      label="500users入り"
      labelPosition="right"
      labelStyle={
        Object {
          "color": "#eee",
        }
      }
      value="500"
    />
    <RadioButton
      checked={false}
      disabled={false}
      label="1000users入り"
      labelPosition="right"
      labelStyle={
        Object {
          "color": "#eee",
        }
      }
      value="1000"
    />
    <RadioButton
      checked={false}
      disabled={false}
      label="5000users入り"
      labelPosition="right"
      labelStyle={
        Object {
          "color": "#eee",
        }
      }
      value="5000"
    />
    <RadioButton
      checked={false}
      disabled={false}
      label="10000users入り"
      labelPosition="right"
      labelStyle={
        Object {
          "color": "#eee",
        }
      }
      value="10000"
    />
  </RadioButtonGroup>
</styled.div>
`;
